###############################################################################
#
# IAR ELF Linker V8.22.2.15995/W32 for ARM                04/Nov/2018  18:58:47
# Copyright 2007-2018 IAR Systems AB.
#
#    Output file  =  
#        C:\Users\zahed\Desktop\Labb
#        Pingpong\Pingpong\uart\EWARM\uart\Exe\uart.out
#    Map file     =  
#        C:\Users\zahed\Desktop\Labb
#        Pingpong\Pingpong\uart\EWARM\uart\List\uart.map
#    Command line =  
#        -f C:\Users\zahed\AppData\Local\Temp\EW6ADE.tmp
#        ("C:\Users\zahed\Desktop\Labb
#        Pingpong\Pingpong\uart\EWARM\uart\Obj\gpio.o"
#        "C:\Users\zahed\Desktop\Labb
#        Pingpong\Pingpong\uart\EWARM\uart\Obj\i2c.o"
#        "C:\Users\zahed\Desktop\Labb
#        Pingpong\Pingpong\uart\EWARM\uart\Obj\main.o"
#        "C:\Users\zahed\Desktop\Labb
#        Pingpong\Pingpong\uart\EWARM\uart\Obj\spi.o"
#        "C:\Users\zahed\Desktop\Labb
#        Pingpong\Pingpong\uart\EWARM\uart\Obj\startup_stm32f303xc.o"
#        "C:\Users\zahed\Desktop\Labb
#        Pingpong\Pingpong\uart\EWARM\uart\Obj\stm32f3xx_hal.o"
#        "C:\Users\zahed\Desktop\Labb
#        Pingpong\Pingpong\uart\EWARM\uart\Obj\stm32f3xx_hal_cortex.o"
#        "C:\Users\zahed\Desktop\Labb
#        Pingpong\Pingpong\uart\EWARM\uart\Obj\stm32f3xx_hal_dma.o"
#        "C:\Users\zahed\Desktop\Labb
#        Pingpong\Pingpong\uart\EWARM\uart\Obj\stm32f3xx_hal_flash.o"
#        "C:\Users\zahed\Desktop\Labb
#        Pingpong\Pingpong\uart\EWARM\uart\Obj\stm32f3xx_hal_flash_ex.o"
#        "C:\Users\zahed\Desktop\Labb
#        Pingpong\Pingpong\uart\EWARM\uart\Obj\stm32f3xx_hal_gpio.o"
#        "C:\Users\zahed\Desktop\Labb
#        Pingpong\Pingpong\uart\EWARM\uart\Obj\stm32f3xx_hal_i2c.o"
#        "C:\Users\zahed\Desktop\Labb
#        Pingpong\Pingpong\uart\EWARM\uart\Obj\stm32f3xx_hal_i2c_ex.o"
#        "C:\Users\zahed\Desktop\Labb
#        Pingpong\Pingpong\uart\EWARM\uart\Obj\stm32f3xx_hal_msp.o"
#        "C:\Users\zahed\Desktop\Labb
#        Pingpong\Pingpong\uart\EWARM\uart\Obj\stm32f3xx_hal_pcd.o"
#        "C:\Users\zahed\Desktop\Labb
#        Pingpong\Pingpong\uart\EWARM\uart\Obj\stm32f3xx_hal_pcd_ex.o"
#        "C:\Users\zahed\Desktop\Labb
#        Pingpong\Pingpong\uart\EWARM\uart\Obj\stm32f3xx_hal_pwr.o"
#        "C:\Users\zahed\Desktop\Labb
#        Pingpong\Pingpong\uart\EWARM\uart\Obj\stm32f3xx_hal_pwr_ex.o"
#        "C:\Users\zahed\Desktop\Labb
#        Pingpong\Pingpong\uart\EWARM\uart\Obj\stm32f3xx_hal_rcc.o"
#        "C:\Users\zahed\Desktop\Labb
#        Pingpong\Pingpong\uart\EWARM\uart\Obj\stm32f3xx_hal_rcc_ex.o"
#        "C:\Users\zahed\Desktop\Labb
#        Pingpong\Pingpong\uart\EWARM\uart\Obj\stm32f3xx_hal_spi.o"
#        "C:\Users\zahed\Desktop\Labb
#        Pingpong\Pingpong\uart\EWARM\uart\Obj\stm32f3xx_hal_spi_ex.o"
#        "C:\Users\zahed\Desktop\Labb
#        Pingpong\Pingpong\uart\EWARM\uart\Obj\stm32f3xx_hal_tim.o"
#        "C:\Users\zahed\Desktop\Labb
#        Pingpong\Pingpong\uart\EWARM\uart\Obj\stm32f3xx_hal_tim_ex.o"
#        "C:\Users\zahed\Desktop\Labb
#        Pingpong\Pingpong\uart\EWARM\uart\Obj\stm32f3xx_hal_uart.o"
#        "C:\Users\zahed\Desktop\Labb
#        Pingpong\Pingpong\uart\EWARM\uart\Obj\stm32f3xx_hal_uart_ex.o"
#        "C:\Users\zahed\Desktop\Labb
#        Pingpong\Pingpong\uart\EWARM\uart\Obj\stm32f3xx_it.o"
#        "C:\Users\zahed\Desktop\Labb
#        Pingpong\Pingpong\uart\EWARM\uart\Obj\system_stm32f3xx.o"
#        "C:\Users\zahed\Desktop\Labb
#        Pingpong\Pingpong\uart\EWARM\uart\Obj\usart.o"
#        "C:\Users\zahed\Desktop\Labb
#        Pingpong\Pingpong\uart\EWARM\uart\Obj\usb.o" --redirect
#        _Printf=_PrintfFull --redirect _Scanf=_ScanfFull -o
#        "C:\Users\zahed\Desktop\Labb
#        Pingpong\Pingpong\uart\EWARM\uart\Exe\uart.out" --map
#        "C:\Users\zahed\Desktop\Labb
#        Pingpong\Pingpong\uart\EWARM\uart\List\uart.map" --config
#        "C:\Users\zahed\Desktop\Labb
#        Pingpong\Pingpong\uart\EWARM/stm32f303xc_flash.icf" --semihosting
#        --entry __iar_program_start --vfe --text_out locale)
#
###############################################################################

*******************************************************************************
*** RUNTIME MODEL ATTRIBUTES
***

CppFlavor       = *
__Heap_Handler  = Basic
__SystemLibrary = DLib
__dlib_version  = 6


*******************************************************************************
*** HEAP SELECTION
***

The basic heap was selected because some modules are built with
size limitations (and not runtime checking), and --advanced_heap
was not specified.


*******************************************************************************
*** PLACEMENT SUMMARY
***

"A0":  place at 0x08000000 { ro section .intvec };
"P1":  place in [from 0x08000000 to 0x0803ffff] { ro };
define block CSTACK with size = 1K, alignment = 8 { };
define block HEAP with size = 512, alignment = 8 { };
"P2":  place in [from 0x20000000 to 0x20009fff] {
          rw, block CSTACK, block HEAP };
initialize by copy { rw };

  Section            Kind        Address    Size  Object
  -------            ----        -------    ----  ------
"A0":                                      0x188
  .intvec            ro code  0x08000000   0x188  startup_stm32f303xc.o [1]
                            - 0x08000188   0x188

"P1":                                     0x4819
  .text              ro code  0x08000188   0xf96  xprintffull.o [3]
  .text              ro code  0x0800111e    0x7a  lz77_init_single.o [5]
  .text              ro code  0x08001198    0x74  xlocale_c.o [3]
  .text              ro code  0x0800120c    0x16  strchr.o [5]
  .text              ro code  0x08001222    0x1e  xencoding_8859_1.o [3]
  .text              ro code  0x08001240    0x40  xfail_s.o [3]
  .text              ro code  0x08001280    0x36  strlen.o [5]
  .text              ro code  0x080012b8    0x58  memchr.o [5]
  .text              ro code  0x08001310     0xa  xmbcurmax.o [3]
  .text              ro code  0x0800131c    0xa6  ABImemcpy.o [5]
  .text              ro code  0x080013c4   0x22e  I64DivMod.o [5]
  .text              ro code  0x080015f4   0x1a2  DblMul.o [4]
  .text              ro code  0x08001798    0x70  frexp.o [4]
  .text              ro code  0x08001808    0x2e  DblCmpLe.o [4]
  .text              ro code  0x08001838    0x2e  DblCmpGe.o [4]
  .text              ro code  0x08001868   0x13a  ldexp.o [4]
  .text              ro code  0x080019a4    0x3a  DblToS32.o [4]
  .text              ro code  0x080019e0    0x22  S32ToDbl.o [4]
  .text              ro code  0x08001a04    0xe2  DblSub.o [4]
  .text              ro code  0x08001ae8   0x246  DblDiv.o [4]
  .text              ro code  0x08001d30    0x28  DblToU32.o [4]
  .text              ro code  0x08001d58    0x1a  U32ToDbl.o [4]
  .text              ro code  0x08001d72     0x6  abort.o [3]
  .text              ro code  0x08001d78     0x2  I64DivZer.o [5]
  .text              ro code  0x08001d7c   0x168  DblAdd.o [4]
  .text              ro code  0x08001ee4    0x14  exit.o [6]
  .text              ro code  0x08001ef8    0x7c  iarttio.o [6]
  .text              ro code  0x08001f74    0x3c  XShttio.o [3]
  .text              ro code  0x08001fb0   0x4dc  stm32f3xx_hal_rcc.o [1]
  .text              ro code  0x0800248c     0xc  stm32f3xx_hal.o [1]
  .text              ro code  0x08002498    0x40  stm32f3xx_hal.o [1]
  .text              ro code  0x080024d8    0xce  stm32f3xx_hal_cortex.o [1]
  .text              ro code  0x080025a8   0x4c4  stm32f3xx_hal_i2c.o [1]
  .text              ro code  0x08002a6c    0xf4  i2c.o [1]
  .text              ro code  0x08002b60   0x1e4  main.o [1]
  .text              ro code  0x08002d44    0x86  stm32f3xx_hal_i2c_ex.o [1]
  .text              ro code  0x08002dcc   0x1cc  stm32f3xx_hal_gpio.o [1]
  .text              ro code  0x08002f98    0x24  stm32f3xx_hal.o [1]
  .text              ro code  0x08002fbc   0x1ee  gpio.o [1]
  .text              ro code  0x080031ac    0xe0  spi.o [1]
  .text              ro code  0x0800328c    0xc8  usb.o [1]
  .text              ro code  0x08003354    0xc8  usart.o [1]
  .text              ro code  0x0800341c    0x20  strcat.o [3]
  .text              ro code  0x0800343c    0x2a  fopen.o [3]
  .text              ro code  0x08003468    0x3c  fprintf.o [3]
  .text              ro code  0x080034a4    0x7e  fclose.o [3]
  .text              ro code  0x08003524    0x28  stm32f3xx_hal.o [1]
  .text              ro code  0x0800354c     0x6  ABImemclr.o [5]
  .text              ro code  0x08003554   0x1b8  stm32f3xx_hal_rcc_ex.o [1]
  .text              ro code  0x0800370c    0x78  stm32f3xx_hal_msp.o [1]
  .text              ro code  0x08003784    0xb8  stm32f3xx_hal_spi.o [1]
  .text              ro code  0x0800383c    0x98  stm32f3xx_hal_pcd.o [1]
  .text              ro code  0x080038d4   0x3d4  stm32f3xx_hal_uart.o [1]
  .text              ro code  0x08003ca8    0xc4  xfofind.o [3]
  .text              ro code  0x08003d6c   0x138  xfoprep.o [3]
  .text              ro code  0x08003ea4    0xac  fflush.o [3]
  .text              ro code  0x08003f50     0x4  heaptramp0.o [3]
  .text              ro code  0x08003f54    0x18  close.o [6]
  .text              ro code  0x08003f6c    0x14  remove.o [6]
  .text              ro code  0x08003f80    0x5e  ABImemset.o [5]
  .text              ro code  0x08003fe0   0x140  heap0.o [3]
  .text              ro code  0x08004120    0x4c  xfopen.o [3]
  .text              ro code  0x0800416c    0x10  write.o [6]
  .text              ro code  0x0800417c   0x110  XShHandles.o [3]
  .text              ro code  0x0800428c    0x2c  xgetmemchunk.o [3]
  .text              ro code  0x080042b8    0x48  open.o [6]
  .text              ro code  0x08004300    0x1e  dwrite.o [6]
  .text              ro code  0x0800431e    0x20  iarwstd.o [6]
  .text              ro code  0x0800433e    0x22  iarwrite.o [6]
  .text              ro code  0x08004360    0xd8  xfspos.o [3]
  .text              ro code  0x08004438     0xc  xfgpos.o [3]
  .text              ro code  0x08004444    0x4a  lseek.o [6]
  .text              ro code  0x0800448e    0xb4  xfwprep.o [3]
  .text              ro code  0x08004542    0x24  fseek.o [3]
  .text              ro code  0x08004568    0x7c  system_stm32f3xx.o [1]
  .text              ro code  0x080045e4    0x54  fputc.o [3]
  .text              ro code  0x08004638    0x40  zero_init3.o [5]
  .text              ro code  0x08004678    0x3c  xcloseall.o [3]
  .text              ro code  0x080046b4    0x28  data_init.o [5]
  .text              ro code  0x080046dc    0x22  fpinit_M.o [4]
  .iar.init_table    const    0x08004700    0x20  - Linker created -
  .text              ro code  0x08004720    0x1e  cmain.o [5]
  .text              ro code  0x0800473e     0x4  low_level_init.o [3]
  .text              ro code  0x08004742     0x4  exit.o [3]
  .text              ro code  0x08004748     0xe  cexit.o [5]
  .text              ro code  0x08004756    0x18  xfprout.o [3]
  .text              ro code  0x08004770    0x10  startup_stm32f303xc.o [1]
  .text              ro code  0x08004780    0x10  stm32f3xx_hal.o [1]
  .text              ro code  0x08004790     0xe  stm32f3xx_it.o [1]
  .text              ro code  0x0800479e     0xc  cstartup_M.o [5]
  .rodata            const    0x080047ac     0x8  system_stm32f3xx.o [1]
  .rodata            const    0x080047b4     0x6  xlocale_c.o [3]
  .text              ro code  0x080047ba     0x4  startup_stm32f303xc.o [1]
  .text              ro code  0x080047be     0x4  startup_stm32f303xc.o [1]
  .text              ro code  0x080047c2     0x4  startup_stm32f303xc.o [1]
  .text              ro code  0x080047c6     0x4  startup_stm32f303xc.o [1]
  .text              ro code  0x080047ca     0x4  startup_stm32f303xc.o [1]
  .text              ro code  0x080047ce     0x4  startup_stm32f303xc.o [1]
  .text              ro code  0x080047d2     0x4  startup_stm32f303xc.o [1]
  .text              ro code  0x080047d6     0x4  startup_stm32f303xc.o [1]
  .text              ro code  0x080047da     0x4  startup_stm32f303xc.o [1]
  .text              ro code  0x080047de     0x4  startup_stm32f303xc.o [1]
  .text              ro code  0x080047e2     0x4  startup_stm32f303xc.o [1]
  .text              ro code  0x080047e6     0x4  startup_stm32f303xc.o [1]
  .text              ro code  0x080047ea     0x4  startup_stm32f303xc.o [1]
  .text              ro code  0x080047ee     0x4  startup_stm32f303xc.o [1]
  .text              ro code  0x080047f2     0x4  startup_stm32f303xc.o [1]
  .text              ro code  0x080047f6     0x4  startup_stm32f303xc.o [1]
  .text              ro code  0x080047fa     0x4  startup_stm32f303xc.o [1]
  .text              ro code  0x080047fe     0x4  startup_stm32f303xc.o [1]
  .text              ro code  0x08004802     0x4  startup_stm32f303xc.o [1]
  .text              ro code  0x08004806     0x4  startup_stm32f303xc.o [1]
  .text              ro code  0x0800480a     0x4  startup_stm32f303xc.o [1]
  .text              ro code  0x0800480e     0x4  startup_stm32f303xc.o [1]
  .text              ro code  0x08004812     0x4  startup_stm32f303xc.o [1]
  .text              ro code  0x08004816     0x4  startup_stm32f303xc.o [1]
  .text              ro code  0x0800481a     0x4  startup_stm32f303xc.o [1]
  .text              ro code  0x0800481e     0x4  startup_stm32f303xc.o [1]
  .text              ro code  0x08004822     0x4  startup_stm32f303xc.o [1]
  .text              ro code  0x08004826     0x4  startup_stm32f303xc.o [1]
  .text              ro code  0x0800482a     0x4  startup_stm32f303xc.o [1]
  .text              ro code  0x0800482e     0x4  startup_stm32f303xc.o [1]
  .text              ro code  0x08004832     0x4  startup_stm32f303xc.o [1]
  .text              ro code  0x08004836     0x4  startup_stm32f303xc.o [1]
  .text              ro code  0x0800483a     0x4  startup_stm32f303xc.o [1]
  .text              ro code  0x0800483e     0x4  startup_stm32f303xc.o [1]
  .text              ro code  0x08004842     0x4  startup_stm32f303xc.o [1]
  .text              ro code  0x08004846     0x4  startup_stm32f303xc.o [1]
  .text              ro code  0x0800484a     0x4  startup_stm32f303xc.o [1]
  .text              ro code  0x0800484e     0x4  startup_stm32f303xc.o [1]
  .text              ro code  0x08004852     0x4  startup_stm32f303xc.o [1]
  .text              ro code  0x08004856     0x4  startup_stm32f303xc.o [1]
  .text              ro code  0x0800485a     0x4  startup_stm32f303xc.o [1]
  .text              ro code  0x0800485e     0x4  startup_stm32f303xc.o [1]
  .text              ro code  0x08004862     0x4  startup_stm32f303xc.o [1]
  .text              ro code  0x08004866     0x4  startup_stm32f303xc.o [1]
  .text              ro code  0x0800486a     0x4  startup_stm32f303xc.o [1]
  .text              ro code  0x0800486e     0x4  startup_stm32f303xc.o [1]
  .text              ro code  0x08004872     0x4  startup_stm32f303xc.o [1]
  .text              ro code  0x08004876     0x4  startup_stm32f303xc.o [1]
  .text              ro code  0x0800487a     0x4  startup_stm32f303xc.o [1]
  .text              ro code  0x0800487e     0x4  startup_stm32f303xc.o [1]
  .text              ro code  0x08004882     0x4  startup_stm32f303xc.o [1]
  .text              ro code  0x08004886     0x4  startup_stm32f303xc.o [1]
  .text              ro code  0x0800488a     0x4  startup_stm32f303xc.o [1]
  .text              ro code  0x0800488e     0x4  startup_stm32f303xc.o [1]
  .text              ro code  0x08004892     0x4  startup_stm32f303xc.o [1]
  .text              ro code  0x08004896     0x4  startup_stm32f303xc.o [1]
  .text              ro code  0x0800489a     0x4  startup_stm32f303xc.o [1]
  .text              ro code  0x0800489e     0x4  startup_stm32f303xc.o [1]
  .text              ro code  0x080048a2     0x4  startup_stm32f303xc.o [1]
  .text              ro code  0x080048a6     0x4  startup_stm32f303xc.o [1]
  .text              ro code  0x080048aa     0x4  startup_stm32f303xc.o [1]
  .text              ro code  0x080048ae     0x4  startup_stm32f303xc.o [1]
  .text              ro code  0x080048b2     0x4  startup_stm32f303xc.o [1]
  .text              ro code  0x080048b6     0x4  startup_stm32f303xc.o [1]
  .text              ro code  0x080048ba     0x4  startup_stm32f303xc.o [1]
  .text              ro code  0x080048be     0x4  startup_stm32f303xc.o [1]
  .text              ro code  0x080048c2     0x4  startup_stm32f303xc.o [1]
  .text              ro code  0x080048c6     0x4  startup_stm32f303xc.o [1]
  .text              ro code  0x080048ca     0x4  startup_stm32f303xc.o [1]
  .text              ro code  0x080048ce     0x4  startup_stm32f303xc.o [1]
  .text              ro code  0x080048d2     0x4  startup_stm32f303xc.o [1]
  .text              ro code  0x080048d6     0x4  startup_stm32f303xc.o [1]
  .text              ro code  0x080048da     0x4  startup_stm32f303xc.o [1]
  .text              ro code  0x080048de     0x4  startup_stm32f303xc.o [1]
  .text              ro code  0x080048e4     0x0  cstart_closeall.o [5]
  .rodata            const    0x080048e4     0x0  zero_init3.o [5]
  .rodata            const    0x080048e4     0x0  lz77_init_single.o [5]
  Initializer bytes  const    0x080048e4    0xbd  <for P2-1>
                            - 0x080049a1  0x4819

"P2", part 1 of 3:                        0x11a0
  P2-1                        0x20000000  0x11a0  <Init block>
    .data            inited   0x20000000  0x1010  main.o [1]
    .data            inited   0x20001010     0xc  stm32f3xx_hal.o [1]
    .data            inited   0x2000101c     0x4  system_stm32f3xx.o [1]
    .data            inited   0x20001020    0x48  xfiles.o [3]
    .data            inited   0x20001068    0x48  xfiles.o [3]
    .data            inited   0x200010b0    0x48  xfiles.o [3]
    .data            inited   0x200010f8    0x20  xfiles.o [3]
    .data            inited   0x20001118    0x38  xlocale_c.o [3]
    .data            inited   0x20001150    0x48  xlocale_c.o [3]
    .data            inited   0x20001198     0x8  XShttio.o [3]
                            - 0x200011a0  0x11a0

"P2", part 2 of 3:                         0xdfc
  .bss               zero     0x200011a0   0x800  main.o [1]
  .bss               zero     0x200019a0   0x3a8  usb.o [1]
  .bss               zero     0x20001d48    0x80  XShHandles.o [3]
  .bss               zero     0x20001dc8    0x70  usart.o [1]
  .bss               zero     0x20001e38    0x64  spi.o [1]
  .bss               zero     0x20001e9c    0x50  xfiles.o [3]
  .bss               zero     0x20001eec    0x50  xfiles.o [3]
  .bss               zero     0x20001f3c    0x4c  i2c.o [1]
  .bss               zero     0x20001f88     0x8  heap0.o [3]
  .bss               zero     0x20001f90     0x4  xfail_s.o [3]
  .bss               zero     0x20001f94     0x4  xgetmemchunk.o [3]
  .bss               zero     0x20001f98     0x1  XShttio.o [3]
                            - 0x20001f99   0xdf9

"P2", part 3 of 3:                         0x600
  CSTACK                      0x20001fa0   0x400  <Block>
    CSTACK           uninit   0x20001fa0   0x400  <Block tail>
  HEAP                        0x200023a0   0x200  <Block>
    HEAP             uninit   0x200023a0   0x200  <Block tail>
                            - 0x200025a0   0x600


*******************************************************************************
*** INIT TABLE
***

          Address     Size
          -------     ----
Zero (__iar_zero_init3)
    1 destination range, total size 0xdf9:
          0x200011a0   0xdf9

Copy/lz77 (__iar_lz77_init_single3)
    1 source range, total size 0xbd (4% of destination):
          0x080048e4    0xbd
    1 destination range, total size 0x11a0:
          0x20000000  0x11a0



*******************************************************************************
*** MODULE SUMMARY
***

    Module                  ro code  ro data  rw data
    ------                  -------  -------  -------
C:\Users\zahed\Desktop\Labb Pingpong\Pingpong\uart\EWARM\uart\Obj: [1]
    gpio.o                      494
    i2c.o                       244                76
    main.o                      484      172    6 160
    spi.o                       224               100
    startup_stm32f303xc.o       704
    stm32f3xx_hal.o             168                12
    stm32f3xx_hal_cortex.o      206
    stm32f3xx_hal_gpio.o        460
    stm32f3xx_hal_i2c.o       1 220
    stm32f3xx_hal_i2c_ex.o      134
    stm32f3xx_hal_msp.o         120
    stm32f3xx_hal_pcd.o         152
    stm32f3xx_hal_rcc.o       1 244
    stm32f3xx_hal_rcc_ex.o      440
    stm32f3xx_hal_spi.o         184
    stm32f3xx_hal_uart.o        980
    stm32f3xx_it.o               14
    system_stm32f3xx.o          124        8        4
    usart.o                     200               112
    usb.o                       200               936
    -------------------------------------------------
    Total:                    7 996      180    7 400

command line: [2]
    -------------------------------------------------
    Total:

dl7M_tlf.a: [3]
    XShHandles.o                272               128
    XShttio.o                    60        1        9
    abort.o                       6
    exit.o                        4
    fclose.o                    126
    fflush.o                    172
    fopen.o                      42
    fprintf.o                    60
    fputc.o                      84
    fseek.o                      36
    heap0.o                     320                 8
    heaptramp0.o                  4
    low_level_init.o              4
    strcat.o                     32
    xcloseall.o                  60
    xencoding_8859_1.o           30
    xfail_s.o                    64                 4
    xfgpos.o                     12
    xfiles.o                              11      408
    xfofind.o                   196
    xfopen.o                     76
    xfoprep.o                   312
    xfprout.o                    24
    xfspos.o                    216
    xfwprep.o                   180
    xgetmemchunk.o               44                 4
    xlocale_c.o                 116       11      128
    xmbcurmax.o                  10
    xprintffull.o             3 990
    -------------------------------------------------
    Total:                    6 552       23      689

m7M_tls.a: [4]
    DblAdd.o                    360
    DblCmpGe.o                   46
    DblCmpLe.o                   46
    DblDiv.o                    582
    DblMul.o                    418
    DblSub.o                    226
    DblToS32.o                   58
    DblToU32.o                   40
    S32ToDbl.o                   34
    U32ToDbl.o                   26
    fpinit_M.o                   34
    frexp.o                     112
    ldexp.o                     314
    -------------------------------------------------
    Total:                    2 296

rt7M_tl.a: [5]
    ABImemclr.o                   6
    ABImemcpy.o                 166
    ABImemset.o                  94
    I64DivMod.o                 558
    I64DivZer.o                   2
    cexit.o                      14
    cmain.o                      30
    cstart_closeall.o
    cstartup_M.o                 12
    data_init.o                  40
    lz77_init_single.o          122
    memchr.o                     88
    strchr.o                     22
    strlen.o                     54
    zero_init3.o                 64
    -------------------------------------------------
    Total:                    1 272

shb_l.a: [6]
    close.o                      24
    dwrite.o                     30
    exit.o                       20
    iarttio.o                   124
    iarwrite.o                   34
    iarwstd.o                    32
    lseek.o                      74
    open.o                       72
    remove.o                     20
    write.o                      16
    -------------------------------------------------
    Total:                      446

    Gaps                         48        4
    Linker created                        32    1 536
-----------------------------------------------------
    Grand Total:             18 610      239    9 625


*******************************************************************************
*** ENTRY LIST
***

Entry                      Address    Size  Type      Object
-----                      -------    ----  ----      ------
.iar.init_table$$Base   0x08004700           --   Gb  - Linker created -
.iar.init_table$$Limit  0x08004720           --   Gb  - Linker created -
?main                   0x08004721          Code  Gb  cmain.o [5]
AHBPrescTable           0x080045d4    0x10  Data  Gb  system_stm32f3xx.o [1]
APBPrescTable           0x080047ac     0x8  Data  Gb  system_stm32f3xx.o [1]
Aldata                  0x20001f88     0x8  Data  Lc  heap0.o [3]
CSTACK$$Base            0x20001fa0           --   Gb  - Linker created -
CSTACK$$Limit           0x200023a0           --   Gb  - Linker created -
CacheMore               0x0800119d    0x24  Code  Lc  xlocale_c.o [3]
Flush_Buffer            0x08002c49     0xa  Code  Gb  main.o [1]
HAL_Delay               0x08003525    0x28  Code  Wk  stm32f3xx_hal.o [1]
HAL_GPIO_Init           0x08002dcd   0x1a0  Code  Gb  stm32f3xx_hal_gpio.o [1]
HAL_GPIO_WritePin       0x08002f6d     0xe  Code  Gb  stm32f3xx_hal_gpio.o [1]
HAL_GetTick             0x0800248d     0xc  Code  Wk  stm32f3xx_hal.o [1]
HAL_I2CEx_ConfigAnalogFilter
                        0x08002d45    0x30  Code  Gb  stm32f3xx_hal_i2c_ex.o [1]
HAL_I2CEx_ConfigDigitalFilter
                        0x08002d75    0x2c  Code  Gb  stm32f3xx_hal_i2c_ex.o [1]
HAL_I2C_Init            0x080025a9    0xa2  Code  Gb  stm32f3xx_hal_i2c.o [1]
HAL_I2C_Master_Receive  0x08002713    0xac  Code  Gb  stm32f3xx_hal_i2c.o [1]
HAL_I2C_Master_Transmit
                        0x0800265b    0xa8  Code  Gb  stm32f3xx_hal_i2c.o [1]
HAL_I2C_MspInit         0x08002acb    0x42  Code  Gb  i2c.o [1]
HAL_IncTick             0x08004781    0x10  Code  Wk  stm32f3xx_hal.o [1]
HAL_Init                0x08002f99    0x20  Code  Gb  stm32f3xx_hal.o [1]
HAL_InitTick            0x08002499    0x40  Code  Wk  stm32f3xx_hal.o [1]
HAL_MspInit             0x0800370d    0x78  Code  Gb  stm32f3xx_hal_msp.o [1]
HAL_NVIC_SetPriority    0x08002511    0x3a  Code  Gb  stm32f3xx_hal_cortex.o [1]
HAL_NVIC_SetPriorityGrouping
                        0x080024f7    0x1a  Code  Gb  stm32f3xx_hal_cortex.o [1]
HAL_PCD_Init            0x0800383d    0x98  Code  Gb  stm32f3xx_hal_pcd.o [1]
HAL_PCD_MspInit         0x080032c1    0x46  Code  Gb  usb.o [1]
HAL_RCCEx_PeriphCLKConfig
                        0x08003555   0x1aa  Code  Gb  stm32f3xx_hal_rcc_ex.o [1]
HAL_RCC_ClockConfig     0x080022af   0x110  Code  Gb  stm32f3xx_hal_rcc.o [1]
HAL_RCC_GetHCLKFreq     0x08002415     0x6  Code  Gb  stm32f3xx_hal_rcc.o [1]
HAL_RCC_GetPCLK1Freq    0x0800241b    0x10  Code  Gb  stm32f3xx_hal_rcc.o [1]
HAL_RCC_GetPCLK2Freq    0x0800242b     0xe  Code  Gb  stm32f3xx_hal_rcc.o [1]
HAL_RCC_GetSysClockFreq
                        0x080023dd    0x38  Code  Gb  stm32f3xx_hal_rcc.o [1]
HAL_RCC_OscConfig       0x08001fb1   0x2d8  Code  Gb  stm32f3xx_hal_rcc.o [1]
HAL_SPI_Init            0x08003785    0xac  Code  Gb  stm32f3xx_hal_spi.o [1]
HAL_SPI_MspInit         0x080031fd    0x44  Code  Gb  spi.o [1]
HAL_SYSTICK_CLKSourceConfig
                        0x08002573    0x1a  Code  Gb  stm32f3xx_hal_cortex.o [1]
HAL_SYSTICK_Config      0x0800254b    0x28  Code  Gb  stm32f3xx_hal_cortex.o [1]
HAL_SYSTICK_IRQHandler  0x080025a1     0x4  Code  Gb  stm32f3xx_hal_cortex.o [1]
HAL_UART_Init           0x080038d5    0x30  Code  Gb  stm32f3xx_hal_uart.o [1]
HAL_UART_MspInit        0x0800338d    0x44  Code  Gb  usart.o [1]
HEAP$$Base              0x200023a0           --   Gb  - Linker created -
HEAP$$Limit             0x200025a0           --   Gb  - Linker created -
I2C_Flush_TXDR          0x0800288d    0x20  Code  Lc  stm32f3xx_hal_i2c.o [1]
I2C_IsAcknowledgeFailed
                        0x080029cf    0x56  Code  Lc  stm32f3xx_hal_i2c.o [1]
I2C_TransferConfig      0x08002a43    0x22  Code  Lc  stm32f3xx_hal_i2c.o [1]
I2C_WaitOnFlagUntilTimeout
                        0x080028ad    0x4a  Code  Lc  stm32f3xx_hal_i2c.o [1]
I2C_WaitOnRXNEFlagUntilTimeout
                        0x0800296b    0x52  Code  Lc  stm32f3xx_hal_i2c.o [1]
I2C_WaitOnSTOPFlagUntilTimeout
                        0x08002929    0x2c  Code  Lc  stm32f3xx_hal_i2c.o [1]
I2C_WaitOnTXISFlagUntilTimeout
                        0x080028f7    0x32  Code  Lc  stm32f3xx_hal_i2c.o [1]
LoadInt                 0x08000377    0x7a  Code  Lc  xprintffull.o [3]
MX_GPIO_Init            0x08002fbd   0x19c  Code  Gb  gpio.o [1]
MX_I2C1_Init            0x08002a6d    0x5e  Code  Gb  i2c.o [1]
MX_SPI1_Init            0x080031ad    0x50  Code  Gb  spi.o [1]
MX_USART2_UART_Init     0x08003355    0x38  Code  Gb  usart.o [1]
MX_USB_PCD_Init         0x0800328d    0x34  Code  Gb  usb.o [1]
NVIC_SetPriority        0x080024d9    0x1e  Code  Lc  stm32f3xx_hal_cortex.o [1]
Region$$Table$$Base     0x08004700           --   Gb  - Linker created -
Region$$Table$$Limit    0x08004720           --   Gb  - Linker created -
SysTick_Handler         0x08004791     0xe  Code  Gb  stm32f3xx_it.o [1]
SystemClock_Config      0x08002c53    0x94  Code  Gb  main.o [1]
SystemCoreClock         0x2000101c     0x4  Data  Gb  system_stm32f3xx.o [1]
SystemInit              0x08004569    0x52  Code  Gb  system_stm32f3xx.o [1]
UART_AdvFeatureConfig   0x08003b25    0xc6  Code  Gb  stm32f3xx_hal_uart.o [1]
UART_CheckIdleState     0x08003beb    0x5a  Code  Gb  stm32f3xx_hal_uart.o [1]
UART_SetConfig          0x08003955   0x1ac  Code  Gb  stm32f3xx_hal_uart.o [1]
UART_WaitOnFlagUntilTimeout
                        0x08003c45    0x58  Code  Gb  stm32f3xx_hal_uart.o [1]
_Close_all              0x08004679    0x3c  Code  Gb  xcloseall.o [3]
_Encoding_8859_1_Mbrlen
                        0x08001235     0x2  Code  Gb  xencoding_8859_1.o [3]
_Encoding_8859_1_Wctomb
                        0x08001223    0x12  Code  Gb  xencoding_8859_1.o [3]
_Error_Handler          0x08002d05     0x2  Code  Gb  main.o [1]
_FProut                 0x08004757    0x18  Code  Gb  xfprout.o [3]
_Files                  0x200010f8    0x20  Data  Gb  xfiles.o [3]
_Fofind                 0x08003ca9    0x48  Code  Gb  xfofind.o [3]
_Fofree                 0x08003cf1    0x78  Code  Gb  xfofind.o [3]
_Fopen                  0x08004121    0x3c  Code  Gb  xfopen.o [3]
_Fopen::rwacc           0x0800415c    0x10  Data  Lc  xfopen.o [3]
_Foprep                 0x08003d6d    0xf0  Code  Gb  xfoprep.o [3]
_Foprep::init           0x08003e5c    0x48  Data  Lc  xfoprep.o [3]
_Fspos                  0x08004361    0xd8  Code  Gb  xfspos.o [3]
_Fwprep                 0x0800448f    0xb4  Code  Gb  xfwprep.o [3]
_GenldFull              0x08000df9   0x274  Code  Lc  xprintffull.o [3]
_LdtobFull              0x080009cd   0x3fe  Code  Lc  xprintffull.o [3]
_LitobFull              0x08000875   0x112  Code  Lc  xprintffull.o [3]
_Locale_lconv           0x20001118    0x38  Data  Lc  xlocale_c.o [3]
_Nnl                    0x08004439     0xc  Code  Gb  xfgpos.o [3]
_PrintfFull             0x08000189   0x1d6  Code  Gb  xprintffull.o [3]
_PutcharsFull           0x0800106d    0x2e  Code  Lc  xprintffull.o [3]
_PutfldFull             0x080003f1   0x2d0  Code  Lc  xprintffull.o [3]
_PutstrFull             0x080007b7    0xbe  Code  Lc  xprintffull.o [3]
_PuttxtFull             0x080006c1    0xf6  Code  Lc  xprintffull.o [3]
__aeabi_cdcmple         0x08001809          Code  Gb  DblCmpLe.o [4]
__aeabi_cdrcmple        0x08001839          Code  Gb  DblCmpGe.o [4]
__aeabi_d2iz            0x080019a5          Code  Gb  DblToS32.o [4]
__aeabi_d2uiz           0x08001d31          Code  Gb  DblToU32.o [4]
__aeabi_ddiv            0x08001ae9          Code  Gb  DblDiv.o [4]
__aeabi_dmul            0x080015f5          Code  Gb  DblMul.o [4]
__aeabi_dsub            0x08001a05          Code  Gb  DblSub.o [4]
__aeabi_i2d             0x080019e1          Code  Gb  S32ToDbl.o [4]
__aeabi_ldiv0           0x08001d79          Code  Gb  I64DivZer.o [5]
__aeabi_memclr          0x0800354d          Code  Gb  ABImemclr.o [5]
__aeabi_memcpy          0x0800131d          Code  Gb  ABImemcpy.o [5]
__aeabi_memcpy4         0x0800133d          Code  Gb  ABImemcpy.o [5]
__aeabi_memcpy8         0x0800133d          Code  Gb  ABImemcpy.o [5]
__aeabi_ui2d            0x08001d59          Code  Gb  U32ToDbl.o [4]
__aeabi_uldivmod        0x080013c5          Code  Gb  I64DivMod.o [5]
__basic_free            0x0800408d    0x16  Code  Gb  heap0.o [3]
__basic_free_intern     0x080040a3    0x7a  Code  Lc  heap0.o [3]
__basic_malloc          0x08003fe1    0x18  Code  Gb  heap0.o [3]
__basic_malloc_intern   0x08003ff9    0x94  Code  Lc  heap0.o [3]
__cexit_closeall        0x0800474b          Code  Gb  cexit.o [5]
__close                 0x08003f55    0x18  Code  Gb  close.o [6]
__cmain                 0x08004721          Code  Gb  cmain.o [5]
__cstart_closeall       0x080048e4          Data  Gb  cstart_closeall.o [5]
__data_GetMemChunk      0x0800428d    0x2c  Code  Gb  xgetmemchunk.o [3]
__data_GetMemChunk::start
                        0x20001f94     0x4  Data  Lc  xgetmemchunk.o [3]
__dwrite                0x08004301    0x1e  Code  Gb  dwrite.o [6]
__exit                  0x08001ee5    0x14  Code  Gb  exit.o [6]
__iar_Fail_s            0x08001241    0x1c  Code  Gb  xfail_s.o [3]
__iar_Mbcurmax          0x08001311     0xa  Code  Gb  xmbcurmax.o [3]
__iar_Memchr            0x080012b9          Code  Gb  memchr.o [5]
__iar_Memset_word       0x08003f81          Code  Gb  ABImemset.o [5]
__iar_Stderr            0x200010b0    0x48  Data  Gb  xfiles.o [3]
__iar_Stdin             0x20001020    0x48  Data  Gb  xfiles.o [3]
__iar_Stdout            0x20001068    0x48  Data  Gb  xfiles.o [3]
__iar_Strchr            0x0800120d          Code  Gb  strchr.o [5]
__iar_close_ttio        0x08001ef9    0x2c  Code  Gb  iarttio.o [6]
__iar_dadd              0x08001a15          Code  Gb  DblSub.o [4]
__iar_data_init3        0x080046b5    0x28  Code  Gb  data_init.o [5]
__iar_dsub              0x08001d7d          Code  Gb  DblAdd.o [4]
__iar_dsubStart         0x08001d8f          Code  Gb  DblAdd.o [4]
__iar_frexp             0x080017a5          Code  Gb  frexp.o [4]
__iar_frexpl            0x080017a5          Code  Gb  frexp.o [4]
__iar_get_ttio          0x08001f25    0x4c  Code  Gb  iarttio.o [6]
__iar_globLocale        0x20001150    0x48  Data  Lc  xlocale_c.o [3]
__iar_global_Locale     0x08001199     0x4  Code  Gb  xlocale_c.o [3]
__iar_init_vfp          0x080046dd          Code  Gb  fpinit_M.o [4]
__iar_ldexp64           0x08001869          Code  Gb  ldexp.o [4]
__iar_lookup_ttioh      0x08001fa3     0x4  Code  Gb  XShttio.o [3]
__iar_lz77_init_single3
                        0x0800111f    0x7a  Code  Gb  lz77_init_single.o [5]
__iar_program_start     0x0800479f          Code  Gb  cstartup_M.o [5]
__iar_scalbln64         0x08001869          Code  Gb  ldexp.o [4]
__iar_scalbn64          0x08001869          Code  Gb  ldexp.o [4]
__iar_sh_Discard        0x080041c1    0x42  Code  Gb  XShHandles.o [3]
__iar_sh_Init           0x0800417d    0x44  Code  Gb  XShHandles.o [3]
__iar_sh_Move           0x08004203    0x46  Code  Gb  XShHandles.o [3]
__iar_sh_Pos            0x08004249    0x3e  Code  Gb  XShHandles.o [3]
__iar_sh_stdout         0x0800431f    0x20  Code  Gb  iarwstd.o [6]
__iar_sh_write          0x0800433f    0x22  Code  Gb  iarwrite.o [6]
__iar_softfp___iar_frexp64
                        0x08001799          Code  Gb  frexp.o [4]
__iar_softfp_frexp      0x08001799          Code  Gb  frexp.o [4]
__iar_softfp_frexpl     0x08001799          Code  Gb  frexp.o [4]
__iar_systems$$module {Abs}
                        0x00000001          Data  Gb  command line/config [2]
__iar_ttio_guard_lock   0x08001f75    0x1e  Code  Gb  XShttio.o [3]
__iar_ttio_guard_unlock
                        0x08001f93    0x10  Code  Gb  XShttio.o [3]
__iar_ttio_handles      0x20001198     0x8  Data  Lc  XShttio.o [3]
__iar_zero_init3        0x08004639    0x40  Code  Gb  zero_init3.o [5]
__low_level_init        0x0800473f     0x4  Code  Gb  low_level_init.o [3]
__lseek                 0x08004445    0x4a  Code  Gb  lseek.o [6]
__open                  0x080042b9    0x48  Code  Gb  open.o [6]
__vector_table          0x08000000          Data  Gb  startup_stm32f303xc.o [1]
__write                 0x0800416d    0x10  Code  Gb  write.o [6]
_call_main              0x0800472d          Code  Gb  cmain.o [5]
_exit                   0x08004749          Code  Gb  cexit.o [5]
_gLocale_mblen          0x080011f9     0x4  Code  Gb  xlocale_c.o [3]
_gLocale_mblenInt       0x080011c1    0x34  Code  Gb  xlocale_c.o [3]
_gLocale_wctomb         0x080011fd     0x4  Code  Gb  xlocale_c.o [3]
_gLocale_wctombInt      0x080011f5     0x4  Code  Gb  xlocale_c.o [3]
_main                   0x0800473b          Code  Gb  cmain.o [5]
aPLLMULFactorTable      0x0800246c    0x10  Data  Gb  stm32f3xx_hal_rcc.o [1]
aPredivFactorTable      0x0800247c    0x10  Data  Gb  stm32f3xx_hal_rcc.o [1]
abort                   0x08001d73     0x6  Code  Gb  abort.o [3]
conv                    0x20000004  0x1000  Data  Gb  main.o [1]
devA                    0x20000000     0x2  Data  Gb  main.o [1]
ebuf                    0x20001e9c    0x50  Data  Lc  xfiles.o [3]
exit                    0x08004743     0x4  Code  Gb  exit.o [3]
experiments             0x200011a0   0x800  Data  Gb  main.o [1]
fclose                  0x080034a5    0x7e  Code  Gb  fclose.o [3]
fflush                  0x08003f19    0x34  Code  Gb  fflush.o [3]
fflushOne               0x08003ea5    0x74  Code  Lc  fflush.o [3]
fopen                   0x0800343d    0x2a  Code  Gb  fopen.o [3]
fprintf                 0x08003469    0x3c  Code  Gb  fprintf.o [3]
fputc                   0x080045e5    0x54  Code  Gb  fputc.o [3]
free                    0x08003f51     0x4  Code  Gb  heaptramp0.o [3]
fseek                   0x08004543    0x24  Code  Gb  fseek.o [3]
hi2c1                   0x20001f3c    0x4c  Data  Gb  i2c.o [1]
hpcd_USB_FS             0x200019a0   0x3a8  Data  Gb  usb.o [1]
hspi1                   0x20001e38    0x64  Data  Gb  spi.o [1]
huart2                  0x20001dc8    0x70  Data  Gb  usart.o [1]
ldexp                   0x08001869          Code  Gb  ldexp.o [4]
ldexpl                  0x08001869          Code  Gb  ldexp.o [4]
localeconv              0x08001201     0x4  Code  Gb  xlocale_c.o [3]
main                    0x08002b61    0xe8  Code  Gb  main.o [1]
memchr                  0x080012b9          Code  Gb  memchr.o [5]
obuf                    0x20001eec    0x50  Data  Lc  xfiles.o [3]
remove                  0x08003f6d    0x14  Code  Gb  remove.o [6]
sFileInfo               0x20001d48    0x80  Data  Lc  XShHandles.o [3]
scalbln                 0x08001869          Code  Gb  ldexp.o [4]
scalblnl                0x08001869          Code  Gb  ldexp.o [4]
scalbn                  0x08001869          Code  Gb  ldexp.o [4]
scalbnl                 0x08001869          Code  Gb  ldexp.o [4]
scale                   0x08000987    0x46  Code  Lc  xprintffull.o [3]
sec_hand                0x20001f90     0x4  Data  Lc  xfail_s.o [3]
strcat                  0x0800341d    0x20  Code  Gb  strcat.o [3]
strchr                  0x0800120d          Code  Gb  strchr.o [5]
strlen                  0x08001281          Code  Gb  strlen.o [5]
ttio_guard              0x20001f98     0x1  Data  Lc  XShttio.o [3]
txBuff                  0x20001004     0xc  Data  Gb  main.o [1]
uwTick                  0x20001014     0x4  Data  Gb  stm32f3xx_hal.o [1]
uwTickFreq              0x20001010     0x1  Data  Gb  stm32f3xx_hal.o [1]
uwTickPrio              0x20001018     0x4  Data  Gb  stm32f3xx_hal.o [1]


[1] = C:\Users\zahed\Desktop\Labb Pingpong\Pingpong\uart\EWARM\uart\Obj
[2] = command line
[3] = dl7M_tlf.a
[4] = m7M_tls.a
[5] = rt7M_tl.a
[6] = shb_l.a

  18 610 bytes of readonly  code memory
     239 bytes of readonly  data memory
   9 625 bytes of readwrite data memory

Errors: none
Warnings: none
