###############################################################################
#
# IAR ELF Linker V8.22.2.15995/W32 for ARM                07/Nov/2018  16:04:22
# Copyright 2007-2018 IAR Systems AB.
#
#    Output file  =  C:\Users\zahed\Desktop\SiCMiC\EWARM\SiCMiC\Exe\SiCMiC.out
#    Map file     =  C:\Users\zahed\Desktop\SiCMiC\EWARM\SiCMiC\List\SiCMiC.map
#    Command line =  
#        -f C:\Users\zahed\AppData\Local\Temp\EWD377.tmp
#        (C:\Users\zahed\Desktop\SiCMiC\EWARM\SiCMiC\Obj\adc.o
#        C:\Users\zahed\Desktop\SiCMiC\EWARM\SiCMiC\Obj\dac.o
#        C:\Users\zahed\Desktop\SiCMiC\EWARM\SiCMiC\Obj\gpio.o
#        C:\Users\zahed\Desktop\SiCMiC\EWARM\SiCMiC\Obj\i2c.o
#        C:\Users\zahed\Desktop\SiCMiC\EWARM\SiCMiC\Obj\iwdg.o
#        C:\Users\zahed\Desktop\SiCMiC\EWARM\SiCMiC\Obj\main.o
#        C:\Users\zahed\Desktop\SiCMiC\EWARM\SiCMiC\Obj\start_test.o
#        C:\Users\zahed\Desktop\SiCMiC\EWARM\SiCMiC\Obj\startup_stm32l053xx.o
#        C:\Users\zahed\Desktop\SiCMiC\EWARM\SiCMiC\Obj\stm32l0xx_hal.o
#        C:\Users\zahed\Desktop\SiCMiC\EWARM\SiCMiC\Obj\stm32l0xx_hal_adc.o
#        C:\Users\zahed\Desktop\SiCMiC\EWARM\SiCMiC\Obj\stm32l0xx_hal_adc_ex.o
#        C:\Users\zahed\Desktop\SiCMiC\EWARM\SiCMiC\Obj\stm32l0xx_hal_cortex.o
#        C:\Users\zahed\Desktop\SiCMiC\EWARM\SiCMiC\Obj\stm32l0xx_hal_dac.o
#        C:\Users\zahed\Desktop\SiCMiC\EWARM\SiCMiC\Obj\stm32l0xx_hal_dac_ex.o
#        C:\Users\zahed\Desktop\SiCMiC\EWARM\SiCMiC\Obj\stm32l0xx_hal_dma.o
#        C:\Users\zahed\Desktop\SiCMiC\EWARM\SiCMiC\Obj\stm32l0xx_hal_flash.o
#        C:\Users\zahed\Desktop\SiCMiC\EWARM\SiCMiC\Obj\stm32l0xx_hal_flash_ex.o
#        C:\Users\zahed\Desktop\SiCMiC\EWARM\SiCMiC\Obj\stm32l0xx_hal_flash_ramfunc.o
#        C:\Users\zahed\Desktop\SiCMiC\EWARM\SiCMiC\Obj\stm32l0xx_hal_gpio.o
#        C:\Users\zahed\Desktop\SiCMiC\EWARM\SiCMiC\Obj\stm32l0xx_hal_i2c.o
#        C:\Users\zahed\Desktop\SiCMiC\EWARM\SiCMiC\Obj\stm32l0xx_hal_i2c_ex.o
#        C:\Users\zahed\Desktop\SiCMiC\EWARM\SiCMiC\Obj\stm32l0xx_hal_iwdg.o
#        C:\Users\zahed\Desktop\SiCMiC\EWARM\SiCMiC\Obj\stm32l0xx_hal_msp.o
#        C:\Users\zahed\Desktop\SiCMiC\EWARM\SiCMiC\Obj\stm32l0xx_hal_pwr.o
#        C:\Users\zahed\Desktop\SiCMiC\EWARM\SiCMiC\Obj\stm32l0xx_hal_pwr_ex.o
#        C:\Users\zahed\Desktop\SiCMiC\EWARM\SiCMiC\Obj\stm32l0xx_hal_rcc.o
#        C:\Users\zahed\Desktop\SiCMiC\EWARM\SiCMiC\Obj\stm32l0xx_hal_rcc_ex.o
#        C:\Users\zahed\Desktop\SiCMiC\EWARM\SiCMiC\Obj\stm32l0xx_hal_tim.o
#        C:\Users\zahed\Desktop\SiCMiC\EWARM\SiCMiC\Obj\stm32l0xx_hal_tim_ex.o
#        C:\Users\zahed\Desktop\SiCMiC\EWARM\SiCMiC\Obj\stm32l0xx_hal_uart.o
#        C:\Users\zahed\Desktop\SiCMiC\EWARM\SiCMiC\Obj\stm32l0xx_hal_uart_ex.o
#        C:\Users\zahed\Desktop\SiCMiC\EWARM\SiCMiC\Obj\stm32l0xx_it.o
#        C:\Users\zahed\Desktop\SiCMiC\EWARM\SiCMiC\Obj\system_stm32l0xx.o
#        C:\Users\zahed\Desktop\SiCMiC\EWARM\SiCMiC\Obj\SystemClock_Config.o
#        C:\Users\zahed\Desktop\SiCMiC\EWARM\SiCMiC\Obj\SystemPower_Config.o
#        C:\Users\zahed\Desktop\SiCMiC\EWARM\SiCMiC\Obj\usart.o --redirect
#        _Printf=_PrintfFull --redirect _Scanf=_ScanfFull -o
#        C:\Users\zahed\Desktop\SiCMiC\EWARM\SiCMiC\Exe\SiCMiC.out --map
#        C:\Users\zahed\Desktop\SiCMiC\EWARM\SiCMiC\List\SiCMiC.map --config
#        C:\Users\zahed\Desktop\SiCMiC\EWARM/stm32l053xx_flash.icf
#        --semihosting --entry __iar_program_start --vfe --text_out locale)
#
###############################################################################

*******************************************************************************
*** RUNTIME MODEL ATTRIBUTES
***

CppFlavor       = *
__SystemLibrary = DLib
__dlib_version  = 6


*******************************************************************************
*** HEAP SELECTION
***

The basic heap was selected because some modules are built with
size limitations (and not runtime checking), and --advanced_heap
was not specified.


*******************************************************************************
*** PLACEMENT SUMMARY
***

"A0":  place at 0x08000000 { ro section .intvec };
"P1":  place in [from 0x08000000 to 0x0800ffff] { ro };
define block CSTACK with size = 1K, alignment = 8 { };
define block HEAP with size = 512, alignment = 8 { };
"P2":  place in [from 0x20000000 to 0x20001fff] {
          rw, block CSTACK, block HEAP };
initialize by copy { rw };

  Section            Kind        Address    Size  Object
  -------            ----        -------    ----  ------
"A0":                                       0xc0
  .intvec            ro code  0x08000000    0xc0  startup_stm32l053xx.o [1]
                            - 0x080000c0    0xc0

"P1":                                     0x301d
  .text              ro code  0x080000c0   0x730  stm32l0xx_hal_rcc.o [1]
  .text              ro code  0x080007f0     0xc  stm32l0xx_hal.o [1]
  .text              ro code  0x080007fc    0x24  stm32l0xx_hal.o [1]
  .text              ro code  0x08000820    0xae  I32DivModFast.o [5]
  .text              ro code  0x080008ce     0x2  startup_stm32l053xx.o [1]
  .text              ro code  0x080008d0    0xae  stm32l0xx_hal_cortex.o [1]
  .text              ro code  0x0800097e     0x2  startup_stm32l053xx.o [1]
  .text              ro code  0x08000980     0x2  IntDivZer.o [5]
  .text              ro code  0x08000982     0x2  startup_stm32l053xx.o [1]
  .text              ro code  0x08000984   0x66c  stm32l0xx_hal_uart.o [1]
  .text              ro code  0x08000ff0    0x20  IxxToDbl.o [4]
  .text              ro code  0x08001010   0x184  DblMul.o [4]
  .text              ro code  0x08001194    0xc2  DblDiv.o [4]
  .text              ro code  0x08001256     0x2  startup_stm32l053xx.o [1]
  .text              ro code  0x08001258    0x2e  DblToI32.o [4]
  .text              ro code  0x08001286     0x2  startup_stm32l053xx.o [1]
  .text              ro code  0x08001288   0x58c  stm32l0xx_hal_adc.o [1]
  .text              ro code  0x08001814   0x1dc  adc.o [1]
  .text              ro code  0x080019f0   0x194  main.o [1]
  .text              ro code  0x08001b84   0x1a8  stm32l0xx_hal_gpio.o [1]
  .text              ro code  0x08001d2c    0x20  stm32l0xx_hal.o [1]
  .text              ro code  0x08001d4c    0x98  SystemClock_Config.o [1]
  .text              ro code  0x08001de4    0xdc  gpio.o [1]
  .text              ro code  0x08001ec0    0xa0  dac.o [1]
  .text              ro code  0x08001f60    0xd0  i2c.o [1]
  .text              ro code  0x08002030    0xb0  usart.o [1]
  .text              ro code  0x080020e0    0x5c  iwdg.o [1]
  .text              ro code  0x0800213c   0x560  stm32l0xx_hal_i2c.o [1]
  .text              ro code  0x0800269c    0x98  strcmp.o [5]
  .text              ro code  0x08002734   0x228  start_test.o [1]
  .text              ro code  0x0800295c    0x88  stm32l0xx_hal_uart_ex.o [1]
  .text              ro code  0x080029e4    0x10  strlen.o [5]
  .text              ro code  0x080029f4    0x40  stm32l0xx_hal_msp.o [1]
  .text              ro code  0x08002a34   0x18c  stm32l0xx_hal_rcc_ex.o [1]
  .text              ro code  0x08002bc0    0x74  stm32l0xx_hal_dac.o [1]
  .text              ro code  0x08002c34    0xf8  stm32l0xx_hal_i2c_ex.o [1]
  .text              ro code  0x08002d2c    0x9e  stm32l0xx_hal_iwdg.o [1]
  .text              ro code  0x08002dca    0x18  stm32l0xx_hal.o [1]
  .text              ro code  0x08002de2     0x2  startup_stm32l053xx.o [1]
  .text              ro code  0x08002de4    0xb0  stm32l0xx_hal_adc_ex.o [1]
  .text              ro code  0x08002e94    0x66  stm32l0xx_hal_dac_ex.o [1]
  .text              ro code  0x08002efa     0x2  startup_stm32l053xx.o [1]
  .text              ro code  0x08002efc    0x64  system_stm32l0xx.o [1]
  .text              ro code  0x08002f60    0x3c  zero_init3.o [5]
  .text              ro code  0x08002f9c    0x3c  packbits_init_single.o [5]
  .text              ro code  0x08002fd8    0x28  data_init.o [5]
  .iar.init_table    const    0x08003000    0x20  - Linker created -
  .text              ro code  0x08003020    0x1e  cmain.o [5]
  .text              ro code  0x0800303e     0x4  low_level_init.o [3]
  .text              ro code  0x08003042     0x8  exit.o [3]
  .text              ro code  0x0800304a     0x2  startup_stm32l053xx.o [1]
  .text              ro code  0x0800304c     0xa  cexit.o [5]
  .text              ro code  0x08003056     0x2  startup_stm32l053xx.o [1]
  .text              ro code  0x08003058    0x14  exit.o [6]
  .text              ro code  0x0800306c    0x10  startup_stm32l053xx.o [1]
  .text              ro code  0x0800307c    0x10  stm32l0xx_hal.o [1]
  .text              ro code  0x0800308c     0xc  stm32l0xx_it.o [1]
  .text              ro code  0x08003098     0xc  cstartup_M.o [5]
  .text              ro code  0x080030a4     0x2  startup_stm32l053xx.o [1]
  .text              ro code  0x080030a6     0x2  startup_stm32l053xx.o [1]
  .text              ro code  0x080030a8     0x2  startup_stm32l053xx.o [1]
  .text              ro code  0x080030aa     0x2  startup_stm32l053xx.o [1]
  .text              ro code  0x080030ac     0x2  startup_stm32l053xx.o [1]
  .text              ro code  0x080030ae     0x2  startup_stm32l053xx.o [1]
  .text              ro code  0x080030b0     0x2  startup_stm32l053xx.o [1]
  .text              ro code  0x080030b2     0x2  startup_stm32l053xx.o [1]
  .text              ro code  0x080030b4     0x2  startup_stm32l053xx.o [1]
  .text              ro code  0x080030b6     0x2  startup_stm32l053xx.o [1]
  .text              ro code  0x080030b8     0x2  startup_stm32l053xx.o [1]
  .text              ro code  0x080030ba     0x2  startup_stm32l053xx.o [1]
  .text              ro code  0x080030bc     0x2  startup_stm32l053xx.o [1]
  .text              ro code  0x080030be     0x2  startup_stm32l053xx.o [1]
  .text              ro code  0x080030c0     0x2  startup_stm32l053xx.o [1]
  .text              ro code  0x080030c2     0x2  startup_stm32l053xx.o [1]
  .text              ro code  0x080030c4     0x2  startup_stm32l053xx.o [1]
  .text              ro code  0x080030c6     0x2  startup_stm32l053xx.o [1]
  .text              ro code  0x080030c8     0x2  startup_stm32l053xx.o [1]
  .text              ro code  0x080030ca     0x2  startup_stm32l053xx.o [1]
  .text              ro code  0x080030cc     0x2  startup_stm32l053xx.o [1]
  .text              ro code  0x080030ce     0x2  startup_stm32l053xx.o [1]
  .rodata            const    0x080030d0     0x0  zero_init3.o [5]
  .rodata            const    0x080030d0     0x0  packbits_init_single.o [5]
  Initializer bytes  const    0x080030d0     0xd  <for P2-1>
                            - 0x080030dd  0x301d

"P2", part 1 of 3:                          0x4c
  P2-1                        0x20000000    0x4c  <Init block>
    .data            inited   0x20000000    0x48  main.o [1]
    .data            inited   0x20000048     0x4  system_stm32l0xx.o [1]
                            - 0x2000004c    0x4c

"P2", part 2 of 3:                         0x1b4
  .bss               zero     0x2000004c    0x70  usart.o [1]
  .bss               zero     0x200000bc    0x60  adc.o [1]
  .bss               zero     0x2000011c    0x40  start_test.o [1]
  .bss               zero     0x2000015c    0x40  start_test.o [1]
  .bss               zero     0x2000019c    0x3c  i2c.o [1]
  .bss               zero     0x200001d8    0x14  iwdg.o [1]
  .bss               zero     0x200001ec    0x10  dac.o [1]
  .bss               zero     0x200001fc     0x4  stm32l0xx_hal.o [1]
                            - 0x20000200   0x1b4

"P2", part 3 of 3:                         0x400
  CSTACK                      0x20000200   0x400  <Block>
    CSTACK           uninit   0x20000200   0x400  <Block tail>
                            - 0x20000600   0x400


*******************************************************************************
*** INIT TABLE
***

          Address     Size
          -------     ----
Zero (__iar_zero_init3)
    1 destination range, total size 0x1b4:
          0x2000004c  0x1b4

Copy/packbits (__iar_packbits_init_single3)
    1 source range, total size 0xd (17% of destination):
          0x080030d0    0xd
    1 destination range, total size 0x4c:
          0x20000000   0x4c



*******************************************************************************
*** MODULE SUMMARY
***

    Module                   ro code  ro data  rw data
    ------                   -------  -------  -------
C:\Users\zahed\Desktop\SiCMiC\EWARM\SiCMiC\Obj: [1]
    SystemClock_Config.o         152
    adc.o                        476                96
    dac.o                        160                16
    gpio.o                       220
    i2c.o                        208                60
    iwdg.o                        92                20
    main.o                       404       12       72
    start_test.o                 552               128
    startup_stm32l053xx.o        270
    stm32l0xx_hal.o              120                 4
    stm32l0xx_hal_adc.o        1 420
    stm32l0xx_hal_adc_ex.o       176
    stm32l0xx_hal_cortex.o       174
    stm32l0xx_hal_dac.o          116
    stm32l0xx_hal_dac_ex.o       102
    stm32l0xx_hal_gpio.o         424
    stm32l0xx_hal_i2c.o        1 376
    stm32l0xx_hal_i2c_ex.o       248
    stm32l0xx_hal_iwdg.o         158
    stm32l0xx_hal_msp.o           64
    stm32l0xx_hal_rcc.o        1 840
    stm32l0xx_hal_rcc_ex.o       396
    stm32l0xx_hal_uart.o       1 644
    stm32l0xx_hal_uart_ex.o      136
    stm32l0xx_it.o                12
    system_stm32l0xx.o           100        1        4
    usart.o                      176               112
    --------------------------------------------------
    Total:                    11 216       13      512

command line: [2]
    --------------------------------------------------
    Total:

dl6M_tlf.a: [3]
    exit.o                         8
    low_level_init.o               4
    --------------------------------------------------
    Total:                        12

m6M_tl.a: [4]
    DblDiv.o                     194
    DblMul.o                     388
    DblToI32.o                    46
    IxxToDbl.o                    32
    --------------------------------------------------
    Total:                       660

rt6M_tl.a: [5]
    I32DivModFast.o              174
    IntDivZer.o                    2
    cexit.o                       10
    cmain.o                       30
    cstartup_M.o                  12
    data_init.o                   40
    packbits_init_single.o        60
    strcmp.o                     152
    strlen.o                      16
    zero_init3.o                  60
    --------------------------------------------------
    Total:                       556

shb_l.a: [6]
    exit.o                        20
    --------------------------------------------------
    Total:                        20

    Linker created                         32    1 024
------------------------------------------------------
    Grand Total:              12 464       45    1 536


*******************************************************************************
*** ENTRY LIST
***

Entry                      Address   Size  Type      Object
-----                      -------   ----  ----      ------
.iar.init_table$$Base   0x08003000          --   Gb  - Linker created -
.iar.init_table$$Limit  0x08003020          --   Gb  - Linker created -
?main                   0x08003021         Code  Gb  cmain.o [5]
ADC_ConversionStop      0x0800177d   0x52  Code  Lc  stm32l0xx_hal_adc.o [1]
ADC_DelayMicroSecond    0x080017d9   0x22  Code  Lc  stm32l0xx_hal_adc.o [1]
ADC_Disable             0x08001705   0x78  Code  Lc  stm32l0xx_hal_adc.o [1]
ADC_Enable              0x0800168d   0x76  Code  Lc  stm32l0xx_hal_adc.o [1]
APBAHBPrescTable        0x080007e0   0x10  Data  Lc  stm32l0xx_hal_rcc.o [1]
CSTACK$$Base            0x20000200          --   Gb  - Linker created -
CSTACK$$Limit           0x20000600          --   Gb  - Linker created -
Flush_Buffer            0x08001b31   0x12  Code  Lc  main.o [1]
HAL_ADCEx_Calibration_Start
                        0x08002de5   0xaa  Code  Gb  stm32l0xx_hal_adc_ex.o [1]
HAL_ADC_ConfigChannel   0x080015cb   0xc0  Code  Gb  stm32l0xx_hal_adc.o [1]
HAL_ADC_GetValue        0x080015c5    0x6  Code  Gb  stm32l0xx_hal_adc.o [1]
HAL_ADC_Init            0x08001289  0x1bc  Code  Gb  stm32l0xx_hal_adc.o [1]
HAL_ADC_MspInit         0x08001955   0x40  Code  Gb  adc.o [1]
HAL_ADC_PollForConversion
                        0x080014e9   0xc6  Code  Gb  stm32l0xx_hal_adc.o [1]
HAL_ADC_Start           0x08001445   0x5a  Code  Gb  stm32l0xx_hal_adc.o [1]
HAL_ADC_Stop            0x0800149f   0x3e  Code  Gb  stm32l0xx_hal_adc.o [1]
HAL_DAC_ConfigChannel   0x08002beb   0x44  Code  Gb  stm32l0xx_hal_dac.o [1]
HAL_DAC_Init            0x08002bc1   0x2a  Code  Gb  stm32l0xx_hal_dac.o [1]
HAL_DAC_MspInit         0x08001ef9   0x34  Code  Gb  dac.o [1]
HAL_DAC_SetValue        0x08002edf   0x1c  Code  Gb  stm32l0xx_hal_dac_ex.o [1]
HAL_DAC_Start           0x08002e95   0x4a  Code  Gb  stm32l0xx_hal_dac_ex.o [1]
HAL_Delay               0x08002dcb   0x18  Code  Wk  stm32l0xx_hal.o [1]
HAL_GPIO_Init           0x08001b85  0x17c  Code  Gb  stm32l0xx_hal_gpio.o [1]
HAL_GPIO_WritePin       0x08001d01   0x10  Code  Gb  stm32l0xx_hal_gpio.o [1]
HAL_GetTick             0x080007f1    0xc  Code  Wk  stm32l0xx_hal.o [1]
HAL_I2CEx_ConfigAnalogFilter
                        0x08002c35   0x7a  Code  Gb  stm32l0xx_hal_i2c_ex.o [1]
HAL_I2CEx_ConfigDigitalFilter
                        0x08002caf   0x76  Code  Gb  stm32l0xx_hal_i2c_ex.o [1]
HAL_I2C_GetState        0x0800245d    0x6  Code  Gb  stm32l0xx_hal_i2c.o [1]
HAL_I2C_Init            0x0800213d   0xaa  Code  Gb  stm32l0xx_hal_i2c.o [1]
HAL_I2C_MspInit         0x08001fbd   0x38  Code  Gb  i2c.o [1]
HAL_I2C_Slave_Receive   0x08002339  0x11e  Code  Gb  stm32l0xx_hal_i2c.o [1]
HAL_I2C_Slave_Transmit  0x080021f5  0x144  Code  Gb  stm32l0xx_hal_i2c.o [1]
HAL_IWDG_Init           0x08002d2d   0x8e  Code  Gb  stm32l0xx_hal_iwdg.o [1]
HAL_IncTick             0x0800307d   0x10  Code  Wk  stm32l0xx_hal.o [1]
HAL_Init                0x08001d2d   0x1a  Code  Gb  stm32l0xx_hal.o [1]
HAL_InitTick            0x080007fd   0x24  Code  Wk  stm32l0xx_hal.o [1]
HAL_MspInit             0x080029f5   0x40  Code  Gb  stm32l0xx_hal_msp.o [1]
HAL_NVIC_SetPriority    0x0800093f    0x8  Code  Gb  stm32l0xx_hal_cortex.o [1]
HAL_RCCEx_PeriphCLKConfig
                        0x08002a35  0x164  Code  Gb  stm32l0xx_hal_rcc_ex.o [1]
HAL_RCC_ClockConfig     0x0800056d  0x152  Code  Gb  stm32l0xx_hal_rcc.o [1]
HAL_RCC_GetHCLKFreq     0x08000759   0x1e  Code  Gb  stm32l0xx_hal_rcc.o [1]
HAL_RCC_GetPCLK1Freq    0x08000779   0x1a  Code  Gb  stm32l0xx_hal_rcc.o [1]
HAL_RCC_GetPCLK2Freq    0x08000799   0x1a  Code  Gb  stm32l0xx_hal_rcc.o [1]
HAL_RCC_GetSysClockFreq
                        0x080006d5   0x84  Code  Gb  stm32l0xx_hal_rcc.o [1]
HAL_RCC_OscConfig       0x080000c1  0x498  Code  Gb  stm32l0xx_hal_rcc.o [1]
HAL_RS485Ex_Init        0x0800295d   0x7e  Code  Gb  stm32l0xx_hal_uart_ex.o [1]
HAL_SYSTICK_CLKSourceConfig
                        0x0800094f   0x18  Code  Gb  stm32l0xx_hal_cortex.o [1]
HAL_SYSTICK_Config      0x08000947    0x8  Code  Gb  stm32l0xx_hal_cortex.o [1]
HAL_SYSTICK_IRQHandler  0x08000967    0x8  Code  Gb  stm32l0xx_hal_cortex.o [1]
HAL_UART_MspInit        0x08002069   0x3e  Code  Gb  usart.o [1]
HAL_UART_Receive        0x08000a3b   0xf2  Code  Gb  stm32l0xx_hal_uart.o [1]
HAL_UART_Transmit       0x08000985   0xb6  Code  Gb  stm32l0xx_hal_uart.o [1]
I2C_IsAcknowledgeFailed
                        0x080025fb   0x9e  Code  Lc  stm32l0xx_hal_i2c.o [1]
I2C_WaitOnFlagUntilTimeout
                        0x08002463   0x80  Code  Lc  stm32l0xx_hal_i2c.o [1]
I2C_WaitOnRXNEFlagUntilTimeout
                        0x08002587   0x74  Code  Lc  stm32l0xx_hal_i2c.o [1]
I2C_WaitOnSTOPFlagUntilTimeout
                        0x08002539   0x4e  Code  Lc  stm32l0xx_hal_i2c.o [1]
I2C_WaitOnTXISFlagUntilTimeout
                        0x080024e3   0x56  Code  Lc  stm32l0xx_hal_i2c.o [1]
MX_ADC_Init             0x08001815  0x140  Code  Gb  adc.o [1]
MX_DAC_Init             0x08001ec1   0x38  Code  Gb  dac.o [1]
MX_GPIO_Init            0x08001de5   0xdc  Code  Gb  gpio.o [1]
MX_I2C1_Init            0x08001f61   0x5c  Code  Gb  i2c.o [1]
MX_IWDG_Init            0x080020e1   0x24  Code  Gb  iwdg.o [1]
MX_USART1_UART_Init     0x08002031   0x38  Code  Gb  usart.o [1]
NVIC_SetPriority        0x080008d1   0x44  Code  Lc  stm32l0xx_hal_cortex.o [1]
PLLMulTable             0x08002f54    0xc  Data  Gb  system_stm32l0xx.o [1]
Region$$Table$$Base     0x08003000          --   Gb  - Linker created -
Region$$Table$$Limit    0x08003020          --   Gb  - Linker created -
SysTick_Config          0x08000915   0x2a  Code  Lc  stm32l0xx_hal_cortex.o [1]
SysTick_Handler         0x0800308d    0xc  Code  Gb  stm32l0xx_it.o [1]
SystemClock_Config      0x08001d4d   0x98  Code  Gb  SystemClock_Config.o [1]
SystemCoreClock         0x20000048    0x4  Data  Gb  system_stm32l0xx.o [1]
SystemInit              0x08002efd   0x40  Code  Gb  system_stm32l0xx.o [1]
UART_AdvFeatureConfig   0x08000e05   0xca  Code  Gb  stm32l0xx_hal_uart.o [1]
UART_CheckIdleState     0x08000d9d   0x50  Code  Gb  stm32l0xx_hal_uart.o [1]
UART_SetConfig          0x08000b31  0x268  Code  Gb  stm32l0xx_hal_uart.o [1]
UART_WaitOnFlagUntilTimeout
                        0x08000ee1   0xce  Code  Gb  stm32l0xx_hal_uart.o [1]
_Error_Handler          0x08001b43    0x2  Code  Gb  main.o [1]
__aeabi_d2uiz           0x08001259         Code  Gb  DblToI32.o [4]
__aeabi_ddiv            0x08001195         Code  Gb  DblDiv.o [4]
__aeabi_dmul            0x08001011         Code  Gb  DblMul.o [4]
__aeabi_idiv0           0x08000981         Code  Gb  IntDivZer.o [5]
__aeabi_ui2d            0x08000ff1         Code  Gb  IxxToDbl.o [4]
__aeabi_uidiv           0x08000821         Code  Gb  I32DivModFast.o [5]
__aeabi_uidivmod        0x08000821         Code  Gb  I32DivModFast.o [5]
__cmain                 0x08003021         Code  Gb  cmain.o [5]
__exit                  0x08003059   0x14  Code  Gb  exit.o [6]
__iar_d2uiz             0x0800125d         Code  Gb  DblToI32.o [4]
__iar_data_init3        0x08002fd9   0x28  Code  Gb  data_init.o [5]
__iar_packbits_init_single3
                        0x08002f9d   0x3c  Code  Gb  packbits_init_single.o [5]
__iar_program_start     0x08003099         Code  Gb  cstartup_M.o [5]
__iar_systems$$module {Abs}
                        0x00000001         Data  Gb  command line/config [2]
__iar_zero_init3        0x08002f61   0x3c  Code  Gb  zero_init3.o [5]
__low_level_init        0x0800303f    0x4  Code  Gb  low_level_init.o [3]
__vector_table          0x08000000         Data  Gb  startup_stm32l053xx.o [1]
_call_main              0x0800302d         Code  Gb  cmain.o [5]
_exit                   0x0800304d         Code  Gb  cexit.o [5]
_main                   0x0800303b         Code  Gb  cmain.o [5]
aRxBuffer               0x20000000    0xc  Data  Gb  main.o [1]
buffrx                  0x20000020   0x28  Data  Gb  main.o [1]
bufftx                  0x2000000c   0x14  Data  Gb  main.o [1]
check_OBC_message       0x08001a51   0xce  Code  Gb  main.o [1]
exit                    0x08003043    0x8  Code  Gb  exit.o [3]
experiments             0x2000015c   0x40  Data  Lc  start_test.o [1]
hadc                    0x200000bc   0x60  Data  Gb  adc.o [1]
hdac                    0x200001ec   0x10  Data  Gb  dac.o [1]
hi2c1                   0x2000019c   0x3c  Data  Gb  i2c.o [1]
hiwdg                   0x200001d8   0x14  Data  Gb  iwdg.o [1]
huart1                  0x2000004c   0x70  Data  Gb  usart.o [1]
main                    0x080019f1   0x34  Code  Gb  main.o [1]
readRollingADC          0x080027dd   0xee  Code  Gb  start_test.o [1]
receive_OBC_message     0x08001a25   0x2a  Code  Gb  main.o [1]
rxbuff                  0x2000011c   0x40  Data  Gb  start_test.o [1]
send_message            0x080028e5   0x20  Code  Gb  start_test.o [1]
setDAC                  0x080028cb   0x1a  Code  Gb  start_test.o [1]
shiftAverages           0x080027b1   0x2a  Code  Gb  start_test.o [1]
start_test              0x08002735   0x7c  Code  Gb  start_test.o [1]
strcmp                  0x080026ad         Code  Gb  strcmp.o [5]
strlen                  0x080029e5   0x10  Code  Gb  strlen.o [5]
uwTick                  0x200001fc    0x4  Data  Lc  stm32l0xx_hal.o [1]


[1] = C:\Users\zahed\Desktop\SiCMiC\EWARM\SiCMiC\Obj
[2] = command line
[3] = dl6M_tlf.a
[4] = m6M_tl.a
[5] = rt6M_tl.a
[6] = shb_l.a

  12 464 bytes of readonly  code memory
      45 bytes of readonly  data memory
   1 536 bytes of readwrite data memory

Errors: none
Warnings: none
